      -----------------------------------------------------------      
     |                   =====================                   |     
     |                           x T B                           |     
     |                   =====================                   |     
     |                         S. Grimme                         |     
     |          Mulliken Center for Theoretical Chemistry        |     
     |                    University of Bonn                     |     
      -----------------------------------------------------------      

   * xtb version 6.5.1 (conda-forge) compiled by 'runner@Mac-1672869950218.local' on 2023-01-04

   xtb is free software: you can redistribute it and/or modify it under
   the terms of the GNU Lesser General Public License as published by
   the Free Software Foundation, either version 3 of the License, or
   (at your option) any later version.
   
   xtb is distributed in the hope that it will be useful,
   but WITHOUT ANY WARRANTY; without even the implied warranty of
   MERCHANTABILITY or FITNESS FOR A PARTICULAR PURPOSE.  See the
   GNU Lesser General Public License for more details.
   
   Cite this work as:
   * C. Bannwarth, E. Caldeweyher, S. Ehlert, A. Hansen, P. Pracht,
     J. Seibert, S. Spicher, S. Grimme, WIREs Comput. Mol. Sci., 2020, 11,
     e01493. DOI: 10.1002/wcms.1493
   
   for GFN2-xTB:
   * C. Bannwarth, S. Ehlert and S. Grimme., J. Chem. Theory Comput., 2019,
     15, 1652-1671. DOI: 10.1021/acs.jctc.8b01176
   for GFN1-xTB:
   * S. Grimme, C. Bannwarth, P. Shushkov, J. Chem. Theory Comput., 2017,
     13, 1989-2009. DOI: 10.1021/acs.jctc.7b00118
   for GFN0-xTB:
   * P. Pracht, E. Caldeweyher, S. Ehlert, S. Grimme, ChemRxiv, 2019, preprint.
     DOI: 10.26434/chemrxiv.8326202.v1
   for GFN-FF:
   * S. Spicher and S. Grimme, Angew. Chem. Int. Ed., 2020, 59, 15665-15673.
     DOI: 10.1002/anie.202004239
   
   for ALPB and GBSA implicit solvation:
   * S. Ehlert, M. Stahn, S. Spicher, S. Grimme, J. Chem. Theory Comput.,
     2021, 17, 4250-4261. DOI: 10.1021/acs.jctc.1c00471
   
   for DFT-D4:
   * E. Caldeweyher, C. Bannwarth and S. Grimme, J. Chem. Phys., 2017,
     147, 034112. DOI: 10.1063/1.4993215
   * E. Caldeweyher, S. Ehlert, A. Hansen, H. Neugebauer, S. Spicher,
     C. Bannwarth and S. Grimme, J. Chem. Phys., 2019, 150, 154122.
     DOI: 10.1063/1.5090222
   * E. Caldeweyher, J.-M. Mewes, S. Ehlert and S. Grimme, Phys. Chem. Chem. Phys.
     2020, 22, 8499-8512. DOI: 10.1039/D0CP00502A
   
   for sTDA-xTB:
   * S. Grimme and C. Bannwarth, J. Chem. Phys., 2016, 145, 054103.
     DOI: 10.1063/1.4959605
   
   in the mass-spec context:
   * V. Asgeirsson, C. Bauer and S. Grimme, Chem. Sci., 2017, 8, 4879.
     DOI: 10.1039/c7sc00601b
   * J. Koopman and S. Grimme, ACS Omega 2019, 4, 12, 15120-15133.
     DOI: 10.1021/acsomega.9b02011
   
   for metadynamics refer to:
   * S. Grimme, J. Chem. Theory Comput., 2019, 155, 2847-2862
     DOI: 10.1021/acs.jctc.9b00143
   
   for SPH calculations refer to:
   * S. Spicher and S. Grimme, J. Chem. Theory Comput., 2021, 17, 1701-1714
     DOI: 10.1021/acs.jctc.0c01306
   
   with help from (in alphabetical order)
   P. Atkinson, C. Bannwarth, F. Bohle, G. Brandenburg, E. Caldeweyher
   M. Checinski, S. Dohm, S. Ehlert, S. Ehrlich, I. Gerasimov, C. Hölzer
   A. Katbashev, J. Koopman, C. Lavigne, S. Lehtola, F. März, M. Müller,
   F. Musil, H. Neugebauer, J. Pisarek, C. Plett, P. Pracht, F. Pultar,
   J. Seibert, P. Shushkov, S. Spicher, M. Stahn, M. Steiner, T. Strunk,
   J. Stückrath, T. Rose, and J. Unsleber
   
 * started run on 2024/01/25 at 12:30:08.983     

           -------------------------------------------------
          |                Calculation Setup                |
           -------------------------------------------------

          program call               : xtb file.xyz
          coordinate file            : file.xyz
          omp threads                :                     8

   ID    Z sym.   atoms
    1    1 H      1
    2    9 F      2

           -------------------------------------------------
          |                 G F N 2 - x T B                 |
           -------------------------------------------------

        Reference                      10.1021/acs.jctc.8b01176
      * Hamiltonian:
        H0-scaling (s, p, d)           1.850000    2.230000    2.230000
        zeta-weighting                 0.500000
      * Dispersion:
        s8                             2.700000
        a1                             0.520000
        a2                             5.000000
        s9                             5.000000
      * Repulsion:
        kExp                           1.500000    1.000000
        rExp                           1.000000
      * Coulomb:
        alpha                          2.000000
        third order                    shell-resolved
        anisotropic                    true
        a3                             3.000000
        a5                             4.000000
        cn-shift                       1.200000
        cn-exp                         4.000000
        max-rad                        5.000000

q/qsh data taken from xtbrestart
CAMM data taken from xtbrestart

          ...................................................
          :                      SETUP                      :
          :.................................................:
          :  # basis functions                   5          :
          :  # atomic orbitals                   5          :
          :  # shells                            3          :
          :  # electrons                         8          :
          :  max. iterations                   250          :
          :  Hamiltonian                  GFN2-xTB          :
          :  restarted?                       true          :
          :  GBSA solvation                  false          :
          :  PC potential                    false          :
          :  electronic temp.          300.0000000     K    :
          :  accuracy                    1.0000000          :
          :  -> integral cutoff          0.2500000E+02      :
          :  -> integral neglect         0.1000000E-07      :
          :  -> SCF convergence          0.1000000E-05 Eh   :
          :  -> wf. convergence          0.1000000E-03 e    :
          :  Broyden damping             0.4000000          :
          ...................................................

 iter      E             dE          RMSdq      gap      omega  full diag
   1     -5.2295035 -0.522950E+01  0.257E-14   13.20       0.0  T
   2     -5.2295035 -0.266454E-14  0.896E-15   13.20  100000.0  T
   3     -5.2295035  0.000000E+00  0.160E-14   13.20  100000.0  T

   *** convergence criteria satisfied after 3 iterations ***

         #    Occupation            Energy/Eh            Energy/eV
      -------------------------------------------------------------
         1        2.0000           -0.7853194             -21.3696
         2        2.0000           -0.5452631             -14.8374
         3        2.0000           -0.4868984             -13.2492
         4        2.0000           -0.4868984             -13.2492 (HOMO)
         5                         -0.0019742              -0.0537 (LUMO)
      -------------------------------------------------------------
                  HL-Gap            0.4849242 Eh           13.1955 eV
             Fermi-level           -0.2444363 Eh           -6.6515 eV

 SCC (total)                   0 d,  0 h,  0 min,  0.001 sec
 SCC setup                      ...        0 min,  0.000 sec (  4.211%)
 Dispersion                     ...        0 min,  0.000 sec (  5.875%)
 classical contributions        ...        0 min,  0.000 sec (  3.182%)
 integral evaluation            ...        0 min,  0.000 sec (  8.225%)
 iterations                     ...        0 min,  0.001 sec ( 54.002%)
 molecular gradient             ...        0 min,  0.000 sec ( 22.595%)
 printout                       ...        0 min,  0.000 sec (  1.738%)

         :::::::::::::::::::::::::::::::::::::::::::::::::::::
         ::                     SUMMARY                     ::
normal termination of xtb
         :::::::::::::::::::::::::::::::::::::::::::::::::::::
         :: total energy              -5.219468351901 Eh    ::
         :: gradient norm              0.067915449335 Eh/a0 ::
         :: HOMO-LUMO gap             13.195457917949 eV    ::
         ::.................................................::
         :: SCC energy                -5.229503540632 Eh    ::
         :: -> isotropic ES            0.020847791084 Eh    ::
         :: -> anisotropic ES          0.002965984991 Eh    ::
         :: -> anisotropic XC         -0.000740494408 Eh    ::
         :: -> dispersion             -0.000039656197 Eh    ::
         :: repulsion energy           0.010035188730 Eh    ::
         :: add. restraining           0.000000000000 Eh    ::
         :: total charge               0.000000000000 e     ::
         :::::::::::::::::::::::::::::::::::::::::::::::::::::

           -------------------------------------------------
          |                Property Printout                |
           -------------------------------------------------

    * Orbital Energies and Occupations

         #    Occupation            Energy/Eh            Energy/eV
      -------------------------------------------------------------
         1        2.0000           -0.7853194             -21.3696
         2        2.0000           -0.5452631             -14.8374
         3        2.0000           -0.4868984             -13.2492
         4        2.0000           -0.4868984             -13.2492 (HOMO)
         5                         -0.0019742              -0.0537 (LUMO)
      -------------------------------------------------------------
                  HL-Gap            0.4849242 Eh           13.1955 eV
             Fermi-level           -0.2444363 Eh           -6.6515 eV

     #   Z          covCN         q      C6AA      α(0)
     1   1 H        0.734     0.384     0.529     1.150
     2   9 F        0.734    -0.384    13.329     4.312

 Mol. C6AA /au·bohr⁶  :         18.922848
 Mol. C8AA /au·bohr⁸  :        307.313879
 Mol. α(0) /au        :          5.461441


Wiberg/Mayer (AO) data.
largest (>0.10) Wiberg bond orders for each atom

 ---------------------------------------------------------------------------
     #   Z sym  total        # sym  WBO       # sym  WBO       # sym  WBO
 ---------------------------------------------------------------------------
     1   1 H    0.852 --     2 F    0.852
     2   9 F    0.852 --     1 H    0.852
 ---------------------------------------------------------------------------

Topologies differ in total number of bonds
Writing topology from bond orders to xtbtopo.mol

molecular dipole:
                 x           y           z       tot (Debye)
 q only:        0.000       0.000      -0.726
   full:       -0.000      -0.000      -1.028       2.614
molecular quadrupole (traceless):
                xx          xy          yy          xz          yz          zz
 q only:        0.686       0.000       0.686       0.000       0.000      -1.372
  q+dip:        0.976       0.000       0.976      -0.000      -0.000      -1.952
   full:        0.978      -0.000       0.978      -0.000      -0.000      -1.956


           -------------------------------------------------
          | TOTAL ENERGY               -5.219468351901 Eh   |
          | GRADIENT NORM               0.067915449335 Eh/α |
          | HOMO-LUMO GAP              13.195457917949 eV   |
           -------------------------------------------------

------------------------------------------------------------------------
 * finished run on 2024/01/25 at 12:30:08.986     
------------------------------------------------------------------------
 total:
 * wall-time:     0 d,  0 h,  0 min,  0.003 sec
 *  cpu-time:     0 d,  0 h,  0 min,  0.005 sec
 * ratio c/w:     1.348 speedup
 SCF:
 * wall-time:     0 d,  0 h,  0 min,  0.001 sec
 *  cpu-time:     0 d,  0 h,  0 min,  0.002 sec
 * ratio c/w:     1.978 speedup

